<!DOCTYPE html>
<html>
  <head>
    <title>InGen</title>
  </head>
  <body>
    <header>Markdown</header>

    <main><p>This <em>page</em> has <strong>markdown</strong>.</p>
</main>
    <footer>&copy; 2013</footer>

  </body>
</html>
