<!DOCTYPE html>
<html>
  <head>
    <title>InGen</title>
  </head>
  <body>
    <header>fizz</header>

    <main>
<ul>
  
    <li>Article Two</li>
  
    <li>Article One</li>
  
</ul>
</main>
    <footer>&copy; 2013</footer>

  </body>
</html>
