<!DOCTYPE html>
<html>
  <head>
    <title>InGen</title>
  </head>
  <body>
    <header>Article Two</header>

    <main>
<article>
  <p>Article two text.</p>

</article>
</main>
    <footer>&copy; 2013</footer>

  </body>
</html>
