<!DOCTYPE html>
<html>
  <head>
    <title>InGen</title>
  </head>
  <body>
    <header>Page Two</header>

    <main>
<div class="page">
  
<p>Page two text.</p>

</div></main>
    <footer>&copy; 2013</footer>

  </body>
</html>
