<!DOCTYPE html>
<html>
  <head>
    <title>InGen</title>
  </head>
  <body>
    <header>foo</header>

    <main>
<ul>

    <li>Article Five</li>

    <li>Article Four</li>

</ul>
</main>
    <footer>&copy; 2013</footer>

  </body>
</html>
