<!DOCTYPE html>
<html>
  <head>
    <title>InGen</title>
  </head>
  <body>
    <header>InGen</header>

    <main>
bar

<ul>

    <li>Article One</li>

</ul>
</main>
    <footer>&copy; 2013</footer>

  </body>
</html>
