<!DOCTYPE html>
<html>
  <head>
    <title>Torpedo</title>
  </head>
  <body>
    <header>Torpedo</header>

    <main>
<div class="page">
  
<div class="subpage">
  
<p>This page uses several nested layouts.</p>

</div>

</div></main>
    <footer>&copy; 2013</footer>

  </body>
</html>
