<!DOCTYPE html>
<html>
  <head>
    <title>InGen</title>
  </head>
  <body>
    <header>InGen</header>

    <main>
foo

<ul>


      <li>Article Three</li>





      <li>Article One</li>


</ul>
</main>
    <footer>&copy; 2013</footer>

  </body>
</html>
