<!DOCTYPE html>
<html>
  <head>
    <title>InGen</title>
  </head>
  <body>
    <header>InGen</header>

    <main>
<div class="page">

<p>Page one text.</p>

</div></main>
    <footer>&copy; 2013</footer>

  </body>
</html>
