<!DOCTYPE html>
<html>
  <head>
    <title>InGen</title>
  </head>
  <body>
    <header>InGen</header>

    <main>
fizz

<ul>




      <li>Article Two</li>




</ul>
</main>
    <footer>&copy; 2013</footer>

  </body>
</html>
