<!DOCTYPE html>
<html>
  <head>
    <title>InGen</title>
  </head>
  <body>
    <header>Pagination Test</header>

    <main>
<h2>Pagination Test</h2>
<ol>
  
    <li>Article Five</li>
  
    <li>Article Four</li>
  
</ol>
</main>
    <footer>&copy; 2013</footer>

  </body>
</html>
