<!DOCTYPE html>
<html>
  <head>
    <title>InGen</title>
  </head>
  <body>
    <header>InGen</header>

    <main>
<p>This page has markup. It's also a test to make sure that files in the regular filesystem get copied to the right place, with the right extension.</p>
</main>
    <footer>&copy; 2013</footer>

  </body>
</html>
