<!DOCTYPE html>
<html>
  <head>
    <title>InGen</title>
  </head>
  <body>
    <header>InGen</header>

    <main>
<p>This is the home page.</p>

<ul>

    <li><a href="/articles/article-two/index.html">Article Two</a></li>

    <li><a href="/articles/article-one/index.html">Article One</a></li>

</ul>
</main>
    <footer>&copy; 2013</footer>

  </body>
</html>
