<!DOCTYPE html>
<html>
  <head>
    <title>InGen</title>
  </head>
  <body>
    <header>Iterators Test</header>

    <main>
<h2>List of articles (defaults to sorting by date in descending order)</h2>
<ol>

    <li>
      <a href="/articles/article-three/">Article Three</a><br>
      on: 2013-10-16T12:34:56-08:00
    </li>

    <li>
      <a href="/articles/article-five/">Article Five</a><br>
      on: 2013-10-05T12:34:56-08:00
    </li>

    <li>
      <a href="/articles/article-four/">Article Four</a><br>
      on: 2013-10-04T12:34:56-08:00
    </li>

    <li>
      <a href="/articles/article-two/">Article Two</a><br>
      on: 2013-10-04T12:34:56-08:00
    </li>

    <li>
      <a href="/articles/article-one/">Article One</a><br>
      on: 2013-10-03T12:34:56-08:00
    </li>

</ol>

<h2>Articles by date in asending order</h2>
<ol>

  <li>
    <a href="/articles/article-one/">Article One</a><br>
    on: 2013-10-03T12:34:56-08:00
  </li>

  <li>
    <a href="/articles/article-two/">Article Two</a><br>
    on: 2013-10-04T12:34:56-08:00
  </li>

  <li>
    <a href="/articles/article-four/">Article Four</a><br>
    on: 2013-10-04T12:34:56-08:00
  </li>

  <li>
    <a href="/articles/article-five/">Article Five</a><br>
    on: 2013-10-05T12:34:56-08:00
  </li>

  <li>
    <a href="/articles/article-three/">Article Three</a><br>
    on: 2013-10-16T12:34:56-08:00
  </li>

</ol>

<h2>Articles by title (defaults to ascending order)</h2>
<ol>

  <li>
    <a href="/articles/article-five/">Article Five</a><br>
    on: 2013-10-05T12:34:56-08:00
  </li>

  <li>
    <a href="/articles/article-four/">Article Four</a><br>
    on: 2013-10-04T12:34:56-08:00
  </li>

  <li>
    <a href="/articles/article-one/">Article One</a><br>
    on: 2013-10-03T12:34:56-08:00
  </li>

  <li>
    <a href="/articles/article-three/">Article Three</a><br>
    on: 2013-10-16T12:34:56-08:00
  </li>

  <li>
    <a href="/articles/article-two/">Article Two</a><br>
    on: 2013-10-04T12:34:56-08:00
  </li>

</ol>

<h2>Articles by title in descending order</h2>
<ol>

  <li>
    <a href="/articles/article-two/">Article Two</a><br>
    on: 2013-10-04T12:34:56-08:00
  </li>

  <li>
    <a href="/articles/article-three/">Article Three</a><br>
    on: 2013-10-16T12:34:56-08:00
  </li>

  <li>
    <a href="/articles/article-one/">Article One</a><br>
    on: 2013-10-03T12:34:56-08:00
  </li>

  <li>
    <a href="/articles/article-four/">Article Four</a><br>
    on: 2013-10-04T12:34:56-08:00
  </li>

  <li>
    <a href="/articles/article-five/">Article Five</a><br>
    on: 2013-10-05T12:34:56-08:00
  </li>

</ol>
</main>
    <footer>&copy; 2013</footer>

  </body>
</html>
