<!DOCTYPE html>
<html>
  <head>
    <title>InGen</title>
  </head>
  <body>
    <header>Iterators Test</header>

    <main>
<h2>Query Test</h2>
<ol>

    <li>
      <a href="/articles/article-three/">Article Three</a><br>
      on: 2013-10-16
    </li>

    <li>
      <a href="/articles/article-one/">Article One</a><br>
      on: 2013-10-03
    </li>

</ol>
</main>
    <footer>&copy; 2013</footer>

  </body>
</html>
